Node	Genes
s_cerevisiae	rna708
s_cerevisiae	rna1500
s_cerevisiae	rna3045
s_cerevisiae	rna3767
s_cerevisiae	rna0
s_cerevisiae	rna1490
s_cerevisiae	rna2521
s_cerevisiae	rna1942
s_cerevisiae	rna2814
s_cerevisiae	rna524
s_cerevisiae	rna700
s_cerevisiae	rna3039
s_cerevisiae	rna3430
s_cerevisiae	rna4822
s_cerevisiae	rna5805
s_cerevisiae	rna525
s_cerevisiae	rna4327
s_cerevisiae	rna1805
s_cerevisiae	rna4824
s_cerevisiae	rna705
s_cerevisiae	rna3429
s_cerevisiae	rna2514
s_cerevisiae	rna528
s_cerevisiae	rna1944
s_cerevisiae	rna3038
s_cerevisiae	rna90
s_cerevisiae	rna91
s_cerevisiae	rna2818
s_cerevisiae	rna3044
s_cerevisiae	rna523
s_cerevisiae	rna101
s_cerevisiae	rna103
s_cerevisiae	rna2811
s_cerevisiae	rna2517
s_cerevisiae	rna1803
s_cerevisiae	rna6296
s_cerevisiae	rna3766
s_cerevisiae	rna3764
s_cerevisiae	rna6297
s_cerevisiae	rna2812
s_cerevisiae	rna4326
s_cerevisiae	rna1798
s_cerevisiae	rna2515
s_cerevisiae	rna5808
s_cerevisiae	rna4823
s_cerevisiae	rna1491
s_cerevisiae	rna5807
s_cerevisiae	rna4325
s_cerevisiae	rna4324
s_cerevisiae	rna1804
s_cerevisiae	rna6295
s_cerevisiae	rna2516
s_cerevisiae	rna1802
s_cerevisiae	rna1492
s_cerevisiae	rna1494
s_cerevisiae	rna1495
s_cerevisiae	rna1797
s_cerevisiae	rna4322
s_cerevisiae	rna3041
s_cerevisiae	rna3
s_cerevisiae	rna8
s_cerevisiae	rna95
s_cerevisiae	rna2799
s_cerevisiae	rna2801
s_cerevisiae	rna2800
s_cerevisiae	rna100
s_cerevisiae	rna698
s_cerevisiae	rna2817
s_cerevisiae	rna3043
s_cerevisiae	rna529
s_cerevisiae	rna706
s_cerevisiae	rna699
s_cerevisiae	rna709
s_cerevisiae	rna3425
s_cerevisiae	rna1809
s_cerevisiae	rna1808
s_cerevisiae	rna4821
s_cerevisiae	rna5804
s_cerevisiae	rna4820
s_cerevisiae	rna5811
s_cerevisiae	rna4004
s_cerevisiae	rna4019
s_cerevisiae	rna4015
s_cerevisiae	rna703
s_cerevisiae	rna1807
s_cerevisiae	rna1946
s_cerevisiae	rna905
s_cerevisiae	rna707
s_cerevisiae	rna982
s_cerevisiae	rna983
s_cerevisiae	rna5802
s_cerevisiae	rna532
s_cerevisiae	rna5801
s_cerevisiae	rna5813
s_cerevisiae	rna1129
s_cerevisiae	rna98
s_cerevisiae	rna4464
s_cerevisiae	rna1115
s_cerevisiae	rna77
s_cerevisiae	rna1499
s_cerevisiae	rna530
s_cerevisiae	rna2963
s_cerevisiae	rna1411
s_cerevisiae	rna2977
s_cerevisiae	rna4005
s_cerevisiae	rna4009
s_cerevisiae	rna4012
s_cerevisiae	rna4016
s_cerevisiae	rna5124
s_cerevisiae	rna5125
s_cerevisiae	rna4003
s_cerevisiae	rna4007
s_cerevisiae	rna4018
s_cerevisiae	rna3426
s_cerevisiae	rna5234
s_cerevisiae	rna5252
s_cerevisiae	rna5239
s_cerevisiae	rna3042
s_cerevisiae	rna2513
s_cerevisiae	rna5809
s_cerevisiae	rna2519
s_cerevisiae	rna3763
s_cerevisiae	rna1945
s_cerevisiae	rna2151
s_cerevisiae	rna2152
s_cerevisiae	rna5251
s_cerevisiae	rna2512
s_cerevisiae	rna2813
s_cerevisiae	rna5
s_cerevisiae	rna3759
s_cerevisiae	rna2809
s_cerevisiae	rna697
s_cerevisiae	rna5227
s_cerevisiae	rna3762
s_cerevisiae	rna3428
s_cerevisiae	rna4320
s_cerevisiae	rna4828
s_cerevisiae	rna4827
s_cerevisiae	rna5810
s_cerevisiae	rna5803
s_cerevisiae	rna4008
s_cerevisiae	rna5242
s_cerevisiae	rna4826
s_cerevisiae	rna5799
s_cerevisiae	rna3015
s_cerevisiae	rna3427
s_cerevisiae	rna984
s_cerevisiae	rna5812
s_cerevisiae	rna643
s_cerevisiae	rna5814
s_cerevisiae	rna4510
s_cerevisiae	rna2804
s_cerevisiae	rna4465
s_cerevisiae	rna4111
s_cerevisiae	rna5235
s_cerevisiae	rna641
s_cerevisiae	rna6157
s_cerevisiae	rna5007
s_cerevisiae	rna2890
s_cerevisiae	rna4020
s_cerevisiae	rna5142
s_cerevisiae	rna5141
s_cerevisiae	rna4014
N9	rna5237
N9	rna3434
N9	rna2523
N9	rna2621
N9	rna5254
N9	rna2524
N9	rna2620
N9	rna2821
N8	rna87
N8	rna2509
N8	rna5228
N8	rna4092
N8	rna5487
N8	rna6209
N8	rna3424
N8	rna4829
N8	rna1656
N8	rna3867
N8	rna1940
N8	rna5608
N8	rna5832
N8	rna710
N8	rna1859
N8	rna2904
N7	rna3868
N7	rna89
N7	rna195
N7	rna520
N7	rna2510
N7	rna6290
N7	rna2985
N7	rna4654
N7	rna1816
N7	rna1793
N7	rna3802
N7	rna696
N7	rna1814
N7	rna521
N7	rna4739
N7	rna4653
N7	rna5276
N7	rna2522
N7	rna3423
N5	rna4477
N5	rna4321
N5	rna1524
N5	rna104
N5	rna1847
N5	rna5247
N5	rna3803
N5	rna5792
N5	rna3433
N5	rna2166
N5	rna84
N5	rna601
N5	rna1388
N5	rna915
N5	rna317
N5	rna4473
N5	rna3874
N5	rna3960
N5	rna971
N5	rna2765
N5	rna1648
N5	rna1649
N5	rna5019
N5	rna5086
N5	rna5733
N5	rna3841
N5	rna6056
N5	rna1047
N5	rna3526
N5	rna4745
N5	rna516
N5	rna4958
N5	rna2467
N5	rna2739
N5	rna5431
N5	rna5818
N5	rna4025
N5	rna2743
N5	rna1947
N5	rna5797
N5	rna468
N5	rna3505
N5	rna5096
N5	rna4697
N5	rna4748
N5	rna5426
N5	rna3770
N5	rna6201
N5	rna1503
N5	rna3777
N5	rna2798
N5	rna5327
N5	rna1856
N5	rna3418
N5	rna3419
N5	rna66
N5	rna5222
N5	rna2049
N5	rna88
N5	rna4449
N5	rna5586
N5	rna318
N5	rna3099
N5	rna2294
N5	rna272
N5	rna5921
N5	rna1643
N5	rna2057
N5	rna5353
N5	rna3085
N5	rna3008
N5	rna2196
N5	rna1483
N5	rna1784
N5	rna4574
N5	rna4583
N5	rna3732
N5	rna3920
N5	rna2747
N5	rna4903
N5	rna1349
N5	rna3769
N5	rna1123
N5	rna1341
N5	rna2462
N5	rna5221
N5	rna4814
N5	rna1293
N5	rna1951
N5	rna2606
N5	rna4728
N5	rna5827
N5	rna1588
N5	rna5817
N5	rna2305
N5	rna6288
N5	rna6287
N5	rna5233
N5	rna5326
N3	rna3950
N3	rna3949
N3	rna6105
N3	rna5232
N3	rna894
N3	rna4536
N3	rna239
N3	rna4858
N3	rna1569
N3	rna1279
N3	rna5084
N3	rna2786
N3	rna1823
N3	rna2115
N3	rna1683
N3	rna5151
N3	rna3030
N3	rna1994
N3	rna1622
N3	rna594
N3	rna179
N3	rna5470
N3	rna6106
N3	rna950
N3	rna5742
N3	rna3083
N3	rna3027
N3	rna5290
N3	rna918
N3	rna4167
N3	rna2763
N3	rna2663
N3	rna2859
N3	rna209
N3	rna2785
N3	rna1451
N3	rna3901
N3	rna2060
N3	rna5905
N3	rna158
N3	rna4602
N3	rna5037
N3	rna1609
N3	rna902
N1	rna3909
N1	rna3049
N1	rna4070
N1	rna1504
N1	rna5257
N1	rna3048
N1	rna290
N1	rna4562
N1	rna824
N1	rna4803
N1	rna2450
N1	rna1717
N1	rna5888
N1	rna4893
N1	rna3926
N1	rna5127
N1	rna6018
N1	rna307
N1	rna2293
N1	rna196
N1	rna2526
N1	rna2864
N1	rna5515
N1	rna5699
N1	rna6090
N1	rna3772
N1	rna4928
N1	rna5414
N1	rna3181
N1	rna4537
N1	rna5646
N1	rna1170
N1	rna598
N1	rna1781
N1	rna4817
N1	rna1596
N1	rna1365
N1	rna2860
N1	rna4712
N1	rna4309
N1	rna4408
N1	rna850
N1	rna2399
N1	rna4519
N1	rna1608
N1	rna328
N1	rna4042
N1	rna3776
N1	rna5963
N1	rna5145
N1	rna5220
N1	rna3034
N1	rna5796
N1	rna3779
N1	rna2525
N1	rna2520
N1	rna2975
N1	rna4800
N1	rna3431
N1	rna6034
N1	rna3105
N1	rna1224
N1	rna1475
N1	rna6291
N1	rna2511
N1	rna621
N1	rna878
N1	rna5749
N1	rna226
N1	rna1631
N1	rna2427
N1	rna6086
N1	rna2251
N1	rna5884
N1	rna5705
N1	rna5700
N1	rna4896
N1	rna1825
N1	rna215
N1	rna2797
N1	rna701
N1	rna4568
N1	rna5571
N1	rna3056
N1	rna5695
N1	rna851
N1	rna5789
N1	rna4520
N1	rna2275
N1	rna702
N1	rna5630
N1	rna2720
N1	rna3035
N0	rna3233
N0	rna1729
N0	rna5912
N0	rna960
N0	rna3888
N0	rna6060
N0	rna2711
N0	rna488
N0	rna380
N0	rna1827
